{"aggregations":{"queries":{"aggregations":{"query_breakdown":{"aggregations":{"bucket_sum":{"sum":{"field":"count"}}},"terms":{"field":"query.keyword","order":[{"_count":"desc"}],"size":1000}}},"filter":{"bool":{"must":{"range":{"date":{"from":null,"include_lower":true,"include_upper":true,"to":"2020-06-03"}}}}}}},"size":999}
